C:\Users\Mohammad Nashid>docker run -p 5000:5000 -it ubuntu bash
Unable to find image 'ubuntu:latest' locally
latest: Pulling from library/ubuntu
20043066d3d5: Pull complete
06808451f0d6: Download complete
Digest: sha256:c35e29c9450151419d9448b0fd75374fec4fff364a27f176fb458d472dfc9e54
Status: Downloaded newer image for ubuntu:latest

C:\Users\Mohammad Nashid>docker run -p 5000:5000 -it ubuntu bash
root@713fb045f144:/# apt update
Get:1 http://archive.ubuntu.com/ubuntu noble InRelease [256 kB]
Get:2 http://security.ubuntu.com/ubuntu noble-security InRelease [126 kB]
Get:3 http://archive.ubuntu.com/ubuntu noble-updates InRelease [126 kB]
Get:4 http://archive.ubuntu.com/ubuntu noble-backports InRelease [126 kB]
Get:5 http://security.ubuntu.com/ubuntu noble-security/universe amd64 Packages [1182 kB]
Get:6 http://archive.ubuntu.com/ubuntu noble/universe amd64 Packages [19.3 MB]
Get:7 http://security.ubuntu.com/ubuntu noble-security/main amd64 Packages [1701 kB]
Get:8 http://security.ubuntu.com/ubuntu noble-security/restricted amd64 Packages [2796 kB]
Get:9 http://security.ubuntu.com/ubuntu noble-security/multiverse amd64 Packages [33.1 kB]
Get:10 http://archive.ubuntu.com/ubuntu noble/restricted amd64 Packages [117 kB]
Get:11 http://archive.ubuntu.com/ubuntu noble/multiverse amd64 Packages [331 kB]
Get:12 http://archive.ubuntu.com/ubuntu noble/main amd64 Packages [1808 kB]
Reading package lists... Done
E: Release file for http://archive.ubuntu.com/ubuntu/dists/noble-updates/InRelease is not valid yet (invalid for another 2h 26min 21s). Updates for this repository will not be applied.
E: Release file for http://archive.ubuntu.com/ubuntu/dists/noble-backports/InRelease is not valid yet (invalid for another 2h 28min 41s). Updates for this repository will not be applied.
root@713fb045f144:/# apt python3 python3-venv git
E: Invalid operation python3
root@713fb045f144:/# apt install -y python3 python3-venv git
Reading package lists... Done
Building dependency tree... Done
Reading state information... Done
The following additional packages will be installed:
  adduser ca-certificates git-man krb5-locales less libbrotli1 libbsd0 libcbor0.10 libcurl3t64-gnutls libedit2
  liberror-perl libexpat1 libfido2-1 libgdbm-compat4t64 libgdbm6t64 libgssapi-krb5-2 libk5crypto3 libkeyutils1
  libkrb5-3 libkrb5support0 libldap-common libldap2 libnghttp2-14 libperl5.38t64 libpsl5t64 libpython3-stdlib
  libpython3.12-minimal libpython3.12-stdlib libreadline8t64 librtmp1 libsasl2-2 libsasl2-modules libsasl2-modules-db
  libsqlite3-0 libssh-4 libx11-6 libx11-data libxau6 libxcb1 libxdmcp6 libxext6 libxmuu1 media-types netbase
  openssh-client openssl patch perl perl-modules-5.38 publicsuffix python3-minimal python3-pip-whl
  python3-setuptools-whl python3.12 python3.12-minimal python3.12-venv readline-common tzdata xauth
Suggested packages:
  liblocale-gettext-perl cron quota ecryptfs-utils gettext-base git-daemon-run | git-daemon-sysvinit git-doc git-email
  git-gui gitk gitweb git-cvs git-mediawiki git-svn gdbm-l10n krb5-doc krb5-user libsasl2-modules-gssapi-mit
  | libsasl2-modules-gssapi-heimdal libsasl2-modules-ldap libsasl2-modules-otp libsasl2-modules-sql keychain
  libpam-ssh monkeysphere ssh-askpass ed diffutils-doc perl-doc libterm-readline-gnu-perl | libterm-readline-perl-perl
  make libtap-harness-archive-perl python3-doc python3-tk python3.12-doc binutils binfmt-support readline-doc
The following NEW packages will be installed:
  adduser ca-certificates git git-man krb5-locales less libbrotli1 libbsd0 libcbor0.10 libcurl3t64-gnutls libedit2
  liberror-perl libexpat1 libfido2-1 libgdbm-compat4t64 libgdbm6t64 libgssapi-krb5-2 libk5crypto3 libkeyutils1
  libkrb5-3 libkrb5support0 libldap-common libldap2 libnghttp2-14 libperl5.38t64 libpsl5t64 libpython3-stdlib
  libpython3.12-minimal libpython3.12-stdlib libreadline8t64 librtmp1 libsasl2-2 libsasl2-modules libsasl2-modules-db
  libsqlite3-0 libssh-4 libx11-6 libx11-data libxau6 libxcb1 libxdmcp6 libxext6 libxmuu1 media-types netbase
  openssh-client openssl patch perl perl-modules-5.38 publicsuffix python3 python3-minimal python3-pip-whl
  python3-setuptools-whl python3-venv python3.12 python3.12-minimal python3.12-venv readline-common tzdata xauth
0 upgraded, 62 newly installed, 0 to remove and 0 not upgraded.
Need to get 28.5 MB of archives.
After this operation, 123 MB of additional disk space will be used.
Get:1 http://security.ubuntu.com/ubuntu noble-security/main amd64 libpython3.12-minimal amd64 3.12.3-1ubuntu0.9 [836 kB]
Get:2 http://archive.ubuntu.com/ubuntu noble/main amd64 media-types all 10.1.0 [27.5 kB]
Get:3 http://archive.ubuntu.com/ubuntu noble/main amd64 netbase all 6.4 [13.1 kB]
Get:4 http://archive.ubuntu.com/ubuntu noble/main amd64 readline-common all 8.2-4build1 [56.5 kB]
Get:5 http://archive.ubuntu.com/ubuntu noble/main amd64 libreadline8t64 amd64 8.2-4build1 [153 kB]
Get:6 http://archive.ubuntu.com/ubuntu noble/main amd64 libgdbm6t64 amd64 1.23-5.1build1 [34.4 kB]
Get:7 http://archive.ubuntu.com/ubuntu noble/main amd64 libgdbm-compat4t64 amd64 1.23-5.1build1 [6710 B]
Get:8 http://archive.ubuntu.com/ubuntu noble/main amd64 adduser all 3.137ubuntu1 [101 kB]
Get:9 http://archive.ubuntu.com/ubuntu noble/main amd64 ca-certificates all 20240203 [159 kB]
Get:10 http://archive.ubuntu.com/ubuntu noble/main amd64 libbsd0 amd64 0.12.1-1build1 [41.2 kB]
Get:11 http://security.ubuntu.com/ubuntu noble-security/main amd64 libexpat1 amd64 2.6.1-2ubuntu0.3 [88.0 kB]
Get:12 http://security.ubuntu.com/ubuntu noble-security/main amd64 python3.12-minimal amd64 3.12.3-1ubuntu0.9 [2332 kB]
Get:13 http://archive.ubuntu.com/ubuntu noble/main amd64 libkeyutils1 amd64 1.6.3-3build1 [9490 B]
Get:14 http://archive.ubuntu.com/ubuntu noble/main amd64 libcbor0.10 amd64 0.10.2-1.2ubuntu2 [25.8 kB]
Get:15 http://archive.ubuntu.com/ubuntu noble/main amd64 libedit2 amd64 3.1-20230828-1build1 [97.6 kB]
Get:16 http://archive.ubuntu.com/ubuntu noble/main amd64 libfido2-1 amd64 1.14.0-1build3 [83.5 kB]
Get:17 http://archive.ubuntu.com/ubuntu noble/main amd64 libpsl5t64 amd64 0.21.2-1.1build1 [57.1 kB]
Get:18 http://archive.ubuntu.com/ubuntu noble/main amd64 libxau6 amd64 1:1.0.9-1build6 [7160 B]
Get:19 http://archive.ubuntu.com/ubuntu noble/main amd64 libxdmcp6 amd64 1:1.1.3-0ubuntu6 [10.3 kB]
Get:20 http://archive.ubuntu.com/ubuntu noble/main amd64 libxcb1 amd64 1.15-1ubuntu2 [47.7 kB]
Get:21 http://archive.ubuntu.com/ubuntu noble/main amd64 libx11-data all 2:1.8.7-1build1 [115 kB]
Get:22 http://archive.ubuntu.com/ubuntu noble/main amd64 libx11-6 amd64 2:1.8.7-1build1 [650 kB]
Get:23 http://security.ubuntu.com/ubuntu noble-security/main amd64 python3-minimal amd64 3.12.3-0ubuntu2.1 [27.4 kB]
Get:24 http://security.ubuntu.com/ubuntu noble-security/main amd64 tzdata all 2025b-0ubuntu0.24.04.1 [276 kB]
Get:25 http://security.ubuntu.com/ubuntu noble-security/main amd64 libsqlite3-0 amd64 3.45.1-1ubuntu2.5 [701 kB]
Get:26 http://archive.ubuntu.com/ubuntu noble/main amd64 libxext6 amd64 2:1.3.4-1build2 [30.4 kB]
Get:27 http://archive.ubuntu.com/ubuntu noble/main amd64 libxmuu1 amd64 2:1.1.3-3build2 [8958 B]
Get:28 http://archive.ubuntu.com/ubuntu noble/main amd64 publicsuffix all 20231001.0357-0.1 [129 kB]
Get:29 http://archive.ubuntu.com/ubuntu noble/main amd64 xauth amd64 1:1.1.2-1build1 [25.6 kB]
Get:30 http://archive.ubuntu.com/ubuntu noble/main amd64 libbrotli1 amd64 1.1.0-2build2 [331 kB]
Get:31 http://security.ubuntu.com/ubuntu noble-security/main amd64 libpython3.12-stdlib amd64 3.12.3-1ubuntu0.9 [2068 kB]
Get:32 http://archive.ubuntu.com/ubuntu noble/main amd64 libsasl2-modules-db amd64 2.1.28+dfsg1-5ubuntu3 [20.3 kB]
Get:33 http://archive.ubuntu.com/ubuntu noble/main amd64 libsasl2-2 amd64 2.1.28+dfsg1-5ubuntu3 [53.2 kB]
Get:34 http://archive.ubuntu.com/ubuntu noble/main amd64 libldap2 amd64 2.6.7+dfsg-1~exp1ubuntu8 [195 kB]
Get:35 http://archive.ubuntu.com/ubuntu noble/main amd64 librtmp1 amd64 2.4+20151223.gitfa8646d.1-2build7 [56.3 kB]
Get:36 http://archive.ubuntu.com/ubuntu noble/main amd64 liberror-perl all 0.17029-2 [25.6 kB]
Get:37 http://archive.ubuntu.com/ubuntu noble/main amd64 libldap-common all 2.6.7+dfsg-1~exp1ubuntu8 [31.4 kB]
Get:38 http://archive.ubuntu.com/ubuntu noble/main amd64 libsasl2-modules amd64 2.1.28+dfsg1-5ubuntu3 [69.7 kB]
Get:39 http://security.ubuntu.com/ubuntu noble-security/main amd64 python3.12 amd64 3.12.3-1ubuntu0.9 [651 kB]
Get:40 http://archive.ubuntu.com/ubuntu noble/main amd64 patch amd64 2.7.6-7build3 [104 kB]
Get:41 http://security.ubuntu.com/ubuntu noble-security/main amd64 libpython3-stdlib amd64 3.12.3-0ubuntu2.1 [10.1 kB]
Get:42 http://security.ubuntu.com/ubuntu noble-security/main amd64 python3 amd64 3.12.3-0ubuntu2.1 [23.0 kB]
Get:43 http://security.ubuntu.com/ubuntu noble-security/main amd64 perl-modules-5.38 all 5.38.2-3.2ubuntu0.2 [3110 kB]
Get:44 http://security.ubuntu.com/ubuntu noble-security/main amd64 libperl5.38t64 amd64 5.38.2-3.2ubuntu0.2 [4874 kB]
Get:45 http://security.ubuntu.com/ubuntu noble-security/main amd64 perl amd64 5.38.2-3.2ubuntu0.2 [231 kB]
Get:46 http://security.ubuntu.com/ubuntu noble-security/main amd64 openssl amd64 3.0.13-0ubuntu3.6 [1003 kB]
Get:47 http://security.ubuntu.com/ubuntu noble-security/main amd64 krb5-locales all 1.20.1-6ubuntu2.6 [14.8 kB]
Get:48 http://security.ubuntu.com/ubuntu noble-security/main amd64 less amd64 590-2ubuntu2.1 [142 kB]
Get:49 http://security.ubuntu.com/ubuntu noble-security/main amd64 libkrb5support0 amd64 1.20.1-6ubuntu2.6 [34.4 kB]
Get:50 http://security.ubuntu.com/ubuntu noble-security/main amd64 libk5crypto3 amd64 1.20.1-6ubuntu2.6 [82.0 kB]
Get:51 http://security.ubuntu.com/ubuntu noble-security/main amd64 libkrb5-3 amd64 1.20.1-6ubuntu2.6 [348 kB]
Get:52 http://security.ubuntu.com/ubuntu noble-security/main amd64 libgssapi-krb5-2 amd64 1.20.1-6ubuntu2.6 [143 kB]
Get:53 http://security.ubuntu.com/ubuntu noble-security/main amd64 libnghttp2-14 amd64 1.59.0-1ubuntu0.1 [74.3 kB]
Get:54 http://security.ubuntu.com/ubuntu noble-security/main amd64 openssh-client amd64 1:9.6p1-3ubuntu13.11 [905 kB]
Get:55 http://security.ubuntu.com/ubuntu noble-security/main amd64 libssh-4 amd64 0.10.6-2ubuntu0.2 [188 kB]
Get:56 http://security.ubuntu.com/ubuntu noble-security/main amd64 libcurl3t64-gnutls amd64 8.5.0-2ubuntu10.6 [333 kB]
Get:57 http://security.ubuntu.com/ubuntu noble-security/main amd64 git-man all 1:2.43.0-1ubuntu7.3 [1100 kB]
Get:58 http://security.ubuntu.com/ubuntu noble-security/main amd64 git amd64 1:2.43.0-1ubuntu7.3 [3680 kB]
Get:59 http://security.ubuntu.com/ubuntu noble-security/universe amd64 python3-pip-whl all 24.0+dfsg-1ubuntu1.3 [1707 kB]
Get:60 http://security.ubuntu.com/ubuntu noble-security/universe amd64 python3-setuptools-whl all 68.1.2-2ubuntu1.2 [716 kB]
Get:61 http://security.ubuntu.com/ubuntu noble-security/universe amd64 python3.12-venv amd64 3.12.3-1ubuntu0.9 [5674 B]
Get:62 http://security.ubuntu.com/ubuntu noble-security/universe amd64 python3-venv amd64 3.12.3-0ubuntu2.1 [1032 B]
Fetched 28.5 MB in 5s (5768 kB/s)
debconf: delaying package configuration, since apt-utils is not installed
Selecting previously unselected package libpython3.12-minimal:amd64.
(Reading database ... 4381 files and directories currently installed.)
Preparing to unpack .../libpython3.12-minimal_3.12.3-1ubuntu0.9_amd64.deb ...
Unpacking libpython3.12-minimal:amd64 (3.12.3-1ubuntu0.9) ...
Selecting previously unselected package libexpat1:amd64.
Preparing to unpack .../libexpat1_2.6.1-2ubuntu0.3_amd64.deb ...
Unpacking libexpat1:amd64 (2.6.1-2ubuntu0.3) ...
Selecting previously unselected package python3.12-minimal.
Preparing to unpack .../python3.12-minimal_3.12.3-1ubuntu0.9_amd64.deb ...
Unpacking python3.12-minimal (3.12.3-1ubuntu0.9) ...
Setting up libpython3.12-minimal:amd64 (3.12.3-1ubuntu0.9) ...
Setting up libexpat1:amd64 (2.6.1-2ubuntu0.3) ...
Setting up python3.12-minimal (3.12.3-1ubuntu0.9) ...
Selecting previously unselected package python3-minimal.
(Reading database ... 4700 files and directories currently installed.)
Preparing to unpack .../0-python3-minimal_3.12.3-0ubuntu2.1_amd64.deb ...
Unpacking python3-minimal (3.12.3-0ubuntu2.1) ...
Selecting previously unselected package media-types.
Preparing to unpack .../1-media-types_10.1.0_all.deb ...
Unpacking media-types (10.1.0) ...
Selecting previously unselected package netbase.
Preparing to unpack .../2-netbase_6.4_all.deb ...
Unpacking netbase (6.4) ...
Selecting previously unselected package tzdata.
Preparing to unpack .../3-tzdata_2025b-0ubuntu0.24.04.1_all.deb ...
Unpacking tzdata (2025b-0ubuntu0.24.04.1) ...
Selecting previously unselected package readline-common.
Preparing to unpack .../4-readline-common_8.2-4build1_all.deb ...
Unpacking readline-common (8.2-4build1) ...
Selecting previously unselected package libreadline8t64:amd64.
Preparing to unpack .../5-libreadline8t64_8.2-4build1_amd64.deb ...
Adding 'diversion of /lib/x86_64-linux-gnu/libhistory.so.8 to /lib/x86_64-linux-gnu/libhistory.so.8.usr-is-merged by libreadline8t64'
Adding 'diversion of /lib/x86_64-linux-gnu/libhistory.so.8.2 to /lib/x86_64-linux-gnu/libhistory.so.8.2.usr-is-merged by libreadline8t64'
Adding 'diversion of /lib/x86_64-linux-gnu/libreadline.so.8 to /lib/x86_64-linux-gnu/libreadline.so.8.usr-is-merged by libreadline8t64'
Adding 'diversion of /lib/x86_64-linux-gnu/libreadline.so.8.2 to /lib/x86_64-linux-gnu/libreadline.so.8.2.usr-is-merged by libreadline8t64'
Unpacking libreadline8t64:amd64 (8.2-4build1) ...
Selecting previously unselected package libsqlite3-0:amd64.
Preparing to unpack .../6-libsqlite3-0_3.45.1-1ubuntu2.5_amd64.deb ...
Unpacking libsqlite3-0:amd64 (3.45.1-1ubuntu2.5) ...
Selecting previously unselected package libpython3.12-stdlib:amd64.
Preparing to unpack .../7-libpython3.12-stdlib_3.12.3-1ubuntu0.9_amd64.deb ...
Unpacking libpython3.12-stdlib:amd64 (3.12.3-1ubuntu0.9) ...
Selecting previously unselected package python3.12.
Preparing to unpack .../8-python3.12_3.12.3-1ubuntu0.9_amd64.deb ...
Unpacking python3.12 (3.12.3-1ubuntu0.9) ...
Selecting previously unselected package libpython3-stdlib:amd64.
Preparing to unpack .../9-libpython3-stdlib_3.12.3-0ubuntu2.1_amd64.deb ...
Unpacking libpython3-stdlib:amd64 (3.12.3-0ubuntu2.1) ...
Setting up python3-minimal (3.12.3-0ubuntu2.1) ...
Selecting previously unselected package python3.
(Reading database ... 5706 files and directories currently installed.)
Preparing to unpack .../0-python3_3.12.3-0ubuntu2.1_amd64.deb ...
Unpacking python3 (3.12.3-0ubuntu2.1) ...
Selecting previously unselected package perl-modules-5.38.
Preparing to unpack .../1-perl-modules-5.38_5.38.2-3.2ubuntu0.2_all.deb ...
Unpacking perl-modules-5.38 (5.38.2-3.2ubuntu0.2) ...
Selecting previously unselected package libgdbm6t64:amd64.
Preparing to unpack .../2-libgdbm6t64_1.23-5.1build1_amd64.deb ...
Unpacking libgdbm6t64:amd64 (1.23-5.1build1) ...
Selecting previously unselected package libgdbm-compat4t64:amd64.
Preparing to unpack .../3-libgdbm-compat4t64_1.23-5.1build1_amd64.deb ...
Unpacking libgdbm-compat4t64:amd64 (1.23-5.1build1) ...
Selecting previously unselected package libperl5.38t64:amd64.
Preparing to unpack .../4-libperl5.38t64_5.38.2-3.2ubuntu0.2_amd64.deb ...
Unpacking libperl5.38t64:amd64 (5.38.2-3.2ubuntu0.2) ...
Selecting previously unselected package perl.
Preparing to unpack .../5-perl_5.38.2-3.2ubuntu0.2_amd64.deb ...
Unpacking perl (5.38.2-3.2ubuntu0.2) ...
Selecting previously unselected package adduser.
Preparing to unpack .../6-adduser_3.137ubuntu1_all.deb ...
Unpacking adduser (3.137ubuntu1) ...
Setting up adduser (3.137ubuntu1) ...
Selecting previously unselected package openssl.
(Reading database ... 7787 files and directories currently installed.)
Preparing to unpack .../00-openssl_3.0.13-0ubuntu3.6_amd64.deb ...
Unpacking openssl (3.0.13-0ubuntu3.6) ...
Selecting previously unselected package ca-certificates.
Preparing to unpack .../01-ca-certificates_20240203_all.deb ...
Unpacking ca-certificates (20240203) ...
Selecting previously unselected package krb5-locales.
Preparing to unpack .../02-krb5-locales_1.20.1-6ubuntu2.6_all.deb ...
Unpacking krb5-locales (1.20.1-6ubuntu2.6) ...
Selecting previously unselected package less.
Preparing to unpack .../03-less_590-2ubuntu2.1_amd64.deb ...
Unpacking less (590-2ubuntu2.1) ...
Selecting previously unselected package libbsd0:amd64.
Preparing to unpack .../04-libbsd0_0.12.1-1build1_amd64.deb ...
Unpacking libbsd0:amd64 (0.12.1-1build1) ...
Selecting previously unselected package libkrb5support0:amd64.
Preparing to unpack .../05-libkrb5support0_1.20.1-6ubuntu2.6_amd64.deb ...
Unpacking libkrb5support0:amd64 (1.20.1-6ubuntu2.6) ...
Selecting previously unselected package libk5crypto3:amd64.
Preparing to unpack .../06-libk5crypto3_1.20.1-6ubuntu2.6_amd64.deb ...
Unpacking libk5crypto3:amd64 (1.20.1-6ubuntu2.6) ...
Selecting previously unselected package libkeyutils1:amd64.
Preparing to unpack .../07-libkeyutils1_1.6.3-3build1_amd64.deb ...
Unpacking libkeyutils1:amd64 (1.6.3-3build1) ...
Selecting previously unselected package libkrb5-3:amd64.
Preparing to unpack .../08-libkrb5-3_1.20.1-6ubuntu2.6_amd64.deb ...
Unpacking libkrb5-3:amd64 (1.20.1-6ubuntu2.6) ...
Selecting previously unselected package libgssapi-krb5-2:amd64.
Preparing to unpack .../09-libgssapi-krb5-2_1.20.1-6ubuntu2.6_amd64.deb ...
Unpacking libgssapi-krb5-2:amd64 (1.20.1-6ubuntu2.6) ...
Selecting previously unselected package libcbor0.10:amd64.
Preparing to unpack .../10-libcbor0.10_0.10.2-1.2ubuntu2_amd64.deb ...
Unpacking libcbor0.10:amd64 (0.10.2-1.2ubuntu2) ...
Selecting previously unselected package libedit2:amd64.
Preparing to unpack .../11-libedit2_3.1-20230828-1build1_amd64.deb ...
Unpacking libedit2:amd64 (3.1-20230828-1build1) ...
Selecting previously unselected package libfido2-1:amd64.
Preparing to unpack .../12-libfido2-1_1.14.0-1build3_amd64.deb ...
Unpacking libfido2-1:amd64 (1.14.0-1build3) ...
Selecting previously unselected package libnghttp2-14:amd64.
Preparing to unpack .../13-libnghttp2-14_1.59.0-1ubuntu0.1_amd64.deb ...
Unpacking libnghttp2-14:amd64 (1.59.0-1ubuntu0.1) ...
Selecting previously unselected package libpsl5t64:amd64.
Preparing to unpack .../14-libpsl5t64_0.21.2-1.1build1_amd64.deb ...
Unpacking libpsl5t64:amd64 (0.21.2-1.1build1) ...
Selecting previously unselected package libxau6:amd64.
Preparing to unpack .../15-libxau6_1%3a1.0.9-1build6_amd64.deb ...
Unpacking libxau6:amd64 (1:1.0.9-1build6) ...
Selecting previously unselected package libxdmcp6:amd64.
Preparing to unpack .../16-libxdmcp6_1%3a1.1.3-0ubuntu6_amd64.deb ...
Unpacking libxdmcp6:amd64 (1:1.1.3-0ubuntu6) ...
Selecting previously unselected package libxcb1:amd64.
Preparing to unpack .../17-libxcb1_1.15-1ubuntu2_amd64.deb ...
Unpacking libxcb1:amd64 (1.15-1ubuntu2) ...
Selecting previously unselected package libx11-data.
Preparing to unpack .../18-libx11-data_2%3a1.8.7-1build1_all.deb ...
Unpacking libx11-data (2:1.8.7-1build1) ...
Selecting previously unselected package libx11-6:amd64.
Preparing to unpack .../19-libx11-6_2%3a1.8.7-1build1_amd64.deb ...
Unpacking libx11-6:amd64 (2:1.8.7-1build1) ...
Selecting previously unselected package libxext6:amd64.
Preparing to unpack .../20-libxext6_2%3a1.3.4-1build2_amd64.deb ...
Unpacking libxext6:amd64 (2:1.3.4-1build2) ...
Selecting previously unselected package libxmuu1:amd64.
Preparing to unpack .../21-libxmuu1_2%3a1.1.3-3build2_amd64.deb ...
Unpacking libxmuu1:amd64 (2:1.1.3-3build2) ...
Selecting previously unselected package openssh-client.
Preparing to unpack .../22-openssh-client_1%3a9.6p1-3ubuntu13.11_amd64.deb ...
Unpacking openssh-client (1:9.6p1-3ubuntu13.11) ...
Selecting previously unselected package publicsuffix.
Preparing to unpack .../23-publicsuffix_20231001.0357-0.1_all.deb ...
Unpacking publicsuffix (20231001.0357-0.1) ...
Selecting previously unselected package xauth.
Preparing to unpack .../24-xauth_1%3a1.1.2-1build1_amd64.deb ...
Unpacking xauth (1:1.1.2-1build1) ...
Selecting previously unselected package libbrotli1:amd64.
Preparing to unpack .../25-libbrotli1_1.1.0-2build2_amd64.deb ...
Unpacking libbrotli1:amd64 (1.1.0-2build2) ...
Selecting previously unselected package libsasl2-modules-db:amd64.
Preparing to unpack .../26-libsasl2-modules-db_2.1.28+dfsg1-5ubuntu3_amd64.deb ...
Unpacking libsasl2-modules-db:amd64 (2.1.28+dfsg1-5ubuntu3) ...
Selecting previously unselected package libsasl2-2:amd64.
Preparing to unpack .../27-libsasl2-2_2.1.28+dfsg1-5ubuntu3_amd64.deb ...
Unpacking libsasl2-2:amd64 (2.1.28+dfsg1-5ubuntu3) ...
Selecting previously unselected package libldap2:amd64.
Preparing to unpack .../28-libldap2_2.6.7+dfsg-1~exp1ubuntu8_amd64.deb ...
Unpacking libldap2:amd64 (2.6.7+dfsg-1~exp1ubuntu8) ...
Selecting previously unselected package librtmp1:amd64.
Preparing to unpack .../29-librtmp1_2.4+20151223.gitfa8646d.1-2build7_amd64.deb ...
Unpacking librtmp1:amd64 (2.4+20151223.gitfa8646d.1-2build7) ...
Selecting previously unselected package libssh-4:amd64.
Preparing to unpack .../30-libssh-4_0.10.6-2ubuntu0.2_amd64.deb ...
Unpacking libssh-4:amd64 (0.10.6-2ubuntu0.2) ...
Selecting previously unselected package libcurl3t64-gnutls:amd64.
Preparing to unpack .../31-libcurl3t64-gnutls_8.5.0-2ubuntu10.6_amd64.deb ...
Unpacking libcurl3t64-gnutls:amd64 (8.5.0-2ubuntu10.6) ...
Selecting previously unselected package liberror-perl.
Preparing to unpack .../32-liberror-perl_0.17029-2_all.deb ...
Unpacking liberror-perl (0.17029-2) ...
Selecting previously unselected package git-man.
Preparing to unpack .../33-git-man_1%3a2.43.0-1ubuntu7.3_all.deb ...
Unpacking git-man (1:2.43.0-1ubuntu7.3) ...
Selecting previously unselected package git.
Preparing to unpack .../34-git_1%3a2.43.0-1ubuntu7.3_amd64.deb ...
Unpacking git (1:2.43.0-1ubuntu7.3) ...
Selecting previously unselected package libldap-common.
Preparing to unpack .../35-libldap-common_2.6.7+dfsg-1~exp1ubuntu8_all.deb ...
Unpacking libldap-common (2.6.7+dfsg-1~exp1ubuntu8) ...
Selecting previously unselected package libsasl2-modules:amd64.
Preparing to unpack .../36-libsasl2-modules_2.1.28+dfsg1-5ubuntu3_amd64.deb ...
Unpacking libsasl2-modules:amd64 (2.1.28+dfsg1-5ubuntu3) ...
Selecting previously unselected package patch.
Preparing to unpack .../37-patch_2.7.6-7build3_amd64.deb ...
Unpacking patch (2.7.6-7build3) ...
Selecting previously unselected package python3-pip-whl.
Preparing to unpack .../38-python3-pip-whl_24.0+dfsg-1ubuntu1.3_all.deb ...
Unpacking python3-pip-whl (24.0+dfsg-1ubuntu1.3) ...
Selecting previously unselected package python3-setuptools-whl.
Preparing to unpack .../39-python3-setuptools-whl_68.1.2-2ubuntu1.2_all.deb ...
Unpacking python3-setuptools-whl (68.1.2-2ubuntu1.2) ...
Selecting previously unselected package python3.12-venv.
Preparing to unpack .../40-python3.12-venv_3.12.3-1ubuntu0.9_amd64.deb ...
Unpacking python3.12-venv (3.12.3-1ubuntu0.9) ...
Selecting previously unselected package python3-venv.
Preparing to unpack .../41-python3-venv_3.12.3-0ubuntu2.1_amd64.deb ...
Unpacking python3-venv (3.12.3-0ubuntu2.1) ...
Setting up media-types (10.1.0) ...
Setting up libxau6:amd64 (1:1.0.9-1build6) ...
Setting up python3-setuptools-whl (68.1.2-2ubuntu1.2) ...
Setting up libkeyutils1:amd64 (1.6.3-3build1) ...
Setting up libgdbm6t64:amd64 (1.23-5.1build1) ...
Setting up libgdbm-compat4t64:amd64 (1.23-5.1build1) ...
Setting up libcbor0.10:amd64 (0.10.2-1.2ubuntu2) ...
Setting up libbrotli1:amd64 (1.1.0-2build2) ...
Setting up libsqlite3-0:amd64 (3.45.1-1ubuntu2.5) ...
Setting up libsasl2-modules:amd64 (2.1.28+dfsg1-5ubuntu3) ...
Setting up libpsl5t64:amd64 (0.21.2-1.1build1) ...
Setting up libnghttp2-14:amd64 (1.59.0-1ubuntu0.1) ...
Setting up less (590-2ubuntu2.1) ...
Setting up krb5-locales (1.20.1-6ubuntu2.6) ...
Setting up libldap-common (2.6.7+dfsg-1~exp1ubuntu8) ...
Setting up libkrb5support0:amd64 (1.20.1-6ubuntu2.6) ...
Setting up libsasl2-modules-db:amd64 (2.1.28+dfsg1-5ubuntu3) ...
Setting up tzdata (2025b-0ubuntu0.24.04.1) ...
debconf: unable to initialize frontend: Dialog
debconf: (No usable dialog-like program is installed, so the dialog based frontend cannot be used. at /usr/share/perl5/Debconf/FrontEnd/Dialog.pm line 79.)
debconf: falling back to frontend: Readline
Configuring tzdata
------------------

Please select the geographic area in which you live. Subsequent configuration questions will narrow this down by
presenting a list of cities, representing the time zones in which they are located.

  1. Africa   3. Antarctica  5. Asia      7. Australia  9. Indian    11. Etc
  2. America  4. Arctic      6. Atlantic  8. Europe     10. Pacific  12. Legacy
Geographic area: 5

Please select the city or region corresponding to your time zone.

  1. Aden      16. Brunei       31. Hong_Kong    46. Kuala_Lumpur  61. Pyongyang      76. Tel_Aviv
  2. Almaty    17. Chita        32. Hovd         47. Kuching       62. Qatar          77. Thimphu
  3. Amman     18. Choibalsan   33. Irkutsk      48. Kuwait        63. Qostanay       78. Tokyo
  4. Anadyr    19. Chongqing    34. Istanbul     49. Macau         64. Qyzylorda      79. Tomsk
  5. Aqtau     20. Colombo      35. Jakarta      50. Magadan       65. Riyadh         80. Ulaanbaatar
  6. Aqtobe    21. Damascus     36. Jayapura     51. Makassar      66. Sakhalin       81. Urumqi
  7. Ashgabat  22. Dhaka        37. Jerusalem    52. Manila        67. Samarkand      82. Ust-Nera
  8. Atyrau    23. Dili         38. Kabul        53. Muscat        68. Seoul          83. Vientiane
  9. Baghdad   24. Dubai        39. Kamchatka    54. Nicosia       69. Shanghai       84. Vladivostok
  10. Bahrain  25. Dushanbe     40. Karachi      55. Novokuznetsk  70. Singapore      85. Yakutsk
  11. Baku     26. Famagusta    41. Kashgar      56. Novosibirsk   71. Srednekolymsk  86. Yangon
  12. Bangkok  27. Gaza         42. Kathmandu    57. Omsk          72. Taipei         87. Yekaterinburg
  13. Barnaul  28. Harbin       43. Khandyga     58. Oral          73. Tashkent       88. Yerevan
  14. Beirut   29. Hebron       44. Kolkata      59. Phnom_Penh    74. Tbilisi
  15. Bishkek  30. Ho_Chi_Minh  45. Krasnoyarsk  60. Pontianak     75. Tehran
Time zone: 44


Current default time zone: 'Asia/Kolkata'
Local time is now:      Wed Dec 10 05:34:01 IST 2025.
Universal Time is now:  Wed Dec 10 00:04:01 UTC 2025.
Run 'dpkg-reconfigure tzdata' if you wish to change it.

Setting up libx11-data (2:1.8.7-1build1) ...
Setting up librtmp1:amd64 (2.4+20151223.gitfa8646d.1-2build7) ...
Setting up perl-modules-5.38 (5.38.2-3.2ubuntu0.2) ...
Setting up patch (2.7.6-7build3) ...
Setting up libk5crypto3:amd64 (1.20.1-6ubuntu2.6) ...
Setting up libsasl2-2:amd64 (2.1.28+dfsg1-5ubuntu3) ...
Setting up git-man (1:2.43.0-1ubuntu7.3) ...
Setting up netbase (6.4) ...
Setting up libkrb5-3:amd64 (1.20.1-6ubuntu2.6) ...
Setting up libperl5.38t64:amd64 (5.38.2-3.2ubuntu0.2) ...
Setting up libfido2-1:amd64 (1.14.0-1build3) ...
Setting up openssl (3.0.13-0ubuntu3.6) ...
Setting up libbsd0:amd64 (0.12.1-1build1) ...
Setting up readline-common (8.2-4build1) ...
Setting up publicsuffix (20231001.0357-0.1) ...
Setting up libldap2:amd64 (2.6.7+dfsg-1~exp1ubuntu8) ...
Setting up libxdmcp6:amd64 (1:1.1.3-0ubuntu6) ...
Setting up libxcb1:amd64 (1.15-1ubuntu2) ...
Setting up libedit2:amd64 (3.1-20230828-1build1) ...
Setting up ca-certificates (20240203) ...
debconf: unable to initialize frontend: Dialog
debconf: (No usable dialog-like program is installed, so the dialog based frontend cannot be used. at /usr/share/perl5/Debconf/FrontEnd/Dialog.pm line 79.)
debconf: falling back to frontend: Readline
Updating certificates in /etc/ssl/certs...
146 added, 0 removed; done.
Setting up perl (5.38.2-3.2ubuntu0.2) ...
Setting up libgssapi-krb5-2:amd64 (1.20.1-6ubuntu2.6) ...
Setting up libssh-4:amd64 (0.10.6-2ubuntu0.2) ...
Setting up libreadline8t64:amd64 (8.2-4build1) ...
Setting up libx11-6:amd64 (2:1.8.7-1build1) ...
Setting up libxmuu1:amd64 (2:1.1.3-3build2) ...
Setting up libpython3.12-stdlib:amd64 (3.12.3-1ubuntu0.9) ...
Setting up python3-pip-whl (24.0+dfsg-1ubuntu1.3) ...
Setting up openssh-client (1:9.6p1-3ubuntu13.11) ...
Setting up python3.12 (3.12.3-1ubuntu0.9) ...
Setting up libcurl3t64-gnutls:amd64 (8.5.0-2ubuntu10.6) ...
Setting up libxext6:amd64 (2:1.3.4-1build2) ...
Setting up liberror-perl (0.17029-2) ...
Setting up git (1:2.43.0-1ubuntu7.3) ...
Setting up xauth (1:1.1.2-1build1) ...
Setting up libpython3-stdlib:amd64 (3.12.3-0ubuntu2.1) ...
Setting up python3.12-venv (3.12.3-1ubuntu0.9) ...
Setting up python3 (3.12.3-0ubuntu2.1) ...
running python rtupdate hooks for python3.12...
running python post-rtupdate hooks for python3.12...
Setting up python3-venv (3.12.3-0ubuntu2.1) ...
Processing triggers for libc-bin (2.39-0ubuntu8.6) ...
Processing triggers for ca-certificates (20240203) ...
Updating certificates in /etc/ssl/certs...
0 added, 0 removed; done.
Running hooks in /etc/ca-certificates/update.d...
done.
root@713fb045f144:/# mkdir project-git
root@713fb045f144:/# cd project-git/
root@713fb045f144:/project-git# git clone https://github.com/SheikhMohammadNashid/Project-AI.git
Cloning into 'Project-AI'...
remote: Enumerating objects: 8, done.
remote: Counting objects: 100% (8/8), done.
remote: Compressing objects: 100% (5/5), done.
remote: Total 8 (delta 1), reused 7 (delta 0), pack-reused 0 (from 0)
Receiving objects: 100% (8/8), done.
Resolving deltas: 100% (1/1), done.
root@713fb045f144:/project-git# ls
Project-AI
root@713fb045f144:/project-git# cd Project-AI
root@713fb045f144:/project-git/Project-AI# ls
app.py  templates
root@713fb045f144:/project-git/Project-AI# python3 -m venv myenv
root@713fb045f144:/project-git/Project-AI# source myenv/bin/activate
(myenv) root@713fb045f144:/project-git/Project-AI# pip install flask langchain langchain-core langchain-community langchain-openai openai
Collecting flask
  Downloading flask-3.1.2-py3-none-any.whl.metadata (3.2 kB)
Collecting langchain
  Downloading langchain-1.1.3-py3-none-any.whl.metadata (4.9 kB)
Collecting langchain-core
  Downloading langchain_core-1.1.3-py3-none-any.whl.metadata (3.7 kB)
Collecting langchain-community
  Downloading langchain_community-0.4.1-py3-none-any.whl.metadata (3.0 kB)
Collecting langchain-openai
  Downloading langchain_openai-1.1.1-py3-none-any.whl.metadata (2.6 kB)
Collecting openai
  Downloading openai-2.9.0-py3-none-any.whl.metadata (29 kB)
Collecting blinker>=1.9.0 (from flask)
  Downloading blinker-1.9.0-py3-none-any.whl.metadata (1.6 kB)
Collecting click>=8.1.3 (from flask)
  Downloading click-8.3.1-py3-none-any.whl.metadata (2.6 kB)
Collecting itsdangerous>=2.2.0 (from flask)
  Downloading itsdangerous-2.2.0-py3-none-any.whl.metadata (1.9 kB)
Collecting jinja2>=3.1.2 (from flask)
  Downloading jinja2-3.1.6-py3-none-any.whl.metadata (2.9 kB)
Collecting markupsafe>=2.1.1 (from flask)
  Downloading markupsafe-3.0.3-cp312-cp312-manylinux2014_x86_64.manylinux_2_17_x86_64.manylinux_2_28_x86_64.whl.metadata (2.7 kB)
Collecting werkzeug>=3.1.0 (from flask)
  Downloading werkzeug-3.1.4-py3-none-any.whl.metadata (4.0 kB)
Collecting langgraph<1.1.0,>=1.0.2 (from langchain)
  Downloading langgraph-1.0.4-py3-none-any.whl.metadata (7.8 kB)
Collecting pydantic<3.0.0,>=2.7.4 (from langchain)
  Downloading pydantic-2.12.5-py3-none-any.whl.metadata (90 kB)
     ━━━━━━━━━━━━━━━━━━━━━━━━━━━━━━━━━━━━━━━━ 90.6/90.6 kB 2.7 MB/s eta 0:00:00
Collecting jsonpatch<2.0.0,>=1.33.0 (from langchain-core)
  Downloading jsonpatch-1.33-py2.py3-none-any.whl.metadata (3.0 kB)
Collecting langsmith<1.0.0,>=0.3.45 (from langchain-core)
  Downloading langsmith-0.4.58-py3-none-any.whl.metadata (15 kB)
Collecting packaging<26.0.0,>=23.2.0 (from langchain-core)
  Downloading packaging-25.0-py3-none-any.whl.metadata (3.3 kB)
Collecting pyyaml<7.0.0,>=5.3.0 (from langchain-core)
  Downloading pyyaml-6.0.3-cp312-cp312-manylinux2014_x86_64.manylinux_2_17_x86_64.manylinux_2_28_x86_64.whl.metadata (2.4 kB)
Collecting tenacity!=8.4.0,<10.0.0,>=8.1.0 (from langchain-core)
  Downloading tenacity-9.1.2-py3-none-any.whl.metadata (1.2 kB)
Collecting typing-extensions<5.0.0,>=4.7.0 (from langchain-core)
  Downloading typing_extensions-4.15.0-py3-none-any.whl.metadata (3.3 kB)
Collecting uuid-utils<1.0,>=0.12.0 (from langchain-core)
  Downloading uuid_utils-0.12.0-cp39-abi3-manylinux_2_17_x86_64.manylinux2014_x86_64.whl.metadata (1.1 kB)
Collecting langchain-classic<2.0.0,>=1.0.0 (from langchain-community)
  Downloading langchain_classic-1.0.0-py3-none-any.whl.metadata (3.9 kB)
Collecting SQLAlchemy<3.0.0,>=1.4.0 (from langchain-community)
  Downloading sqlalchemy-2.0.45-cp312-cp312-manylinux2014_x86_64.manylinux_2_17_x86_64.manylinux_2_28_x86_64.whl.metadata (9.5 kB)
Collecting requests<3.0.0,>=2.32.5 (from langchain-community)
  Downloading requests-2.32.5-py3-none-any.whl.metadata (4.9 kB)
Collecting aiohttp<4.0.0,>=3.8.3 (from langchain-community)
  Downloading aiohttp-3.13.2-cp312-cp312-manylinux2014_x86_64.manylinux_2_17_x86_64.manylinux_2_28_x86_64.whl.metadata (8.1 kB)
Collecting dataclasses-json<0.7.0,>=0.6.7 (from langchain-community)
  Downloading dataclasses_json-0.6.7-py3-none-any.whl.metadata (25 kB)
Collecting pydantic-settings<3.0.0,>=2.10.1 (from langchain-community)
  Downloading pydantic_settings-2.12.0-py3-none-any.whl.metadata (3.4 kB)
Collecting httpx-sse<1.0.0,>=0.4.0 (from langchain-community)
  Downloading httpx_sse-0.4.3-py3-none-any.whl.metadata (9.7 kB)
Collecting numpy>=1.26.2 (from langchain-community)
  Downloading numpy-2.3.5-cp312-cp312-manylinux_2_27_x86_64.manylinux_2_28_x86_64.whl.metadata (62 kB)
     ━━━━━━━━━━━━━━━━━━━━━━━━━━━━━━━━━━━━━━━━ 62.1/62.1 kB 6.0 MB/s eta 0:00:00
Collecting tiktoken<1.0.0,>=0.7.0 (from langchain-openai)
  Downloading tiktoken-0.12.0-cp312-cp312-manylinux_2_28_x86_64.whl.metadata (6.7 kB)
Collecting anyio<5,>=3.5.0 (from openai)
  Downloading anyio-4.12.0-py3-none-any.whl.metadata (4.3 kB)
Collecting distro<2,>=1.7.0 (from openai)
  Downloading distro-1.9.0-py3-none-any.whl.metadata (6.8 kB)
Collecting httpx<1,>=0.23.0 (from openai)
  Downloading httpx-0.28.1-py3-none-any.whl.metadata (7.1 kB)
Collecting jiter<1,>=0.10.0 (from openai)
  Downloading jiter-0.12.0-cp312-cp312-manylinux_2_17_x86_64.manylinux2014_x86_64.whl.metadata (5.2 kB)
Collecting sniffio (from openai)
  Downloading sniffio-1.3.1-py3-none-any.whl.metadata (3.9 kB)
Collecting tqdm>4 (from openai)
  Downloading tqdm-4.67.1-py3-none-any.whl.metadata (57 kB)
     ━━━━━━━━━━━━━━━━━━━━━━━━━━━━━━━━━━━━━━━━ 57.7/57.7 kB 5.3 MB/s eta 0:00:00
Collecting aiohappyeyeballs>=2.5.0 (from aiohttp<4.0.0,>=3.8.3->langchain-community)
  Downloading aiohappyeyeballs-2.6.1-py3-none-any.whl.metadata (5.9 kB)
Collecting aiosignal>=1.4.0 (from aiohttp<4.0.0,>=3.8.3->langchain-community)
  Downloading aiosignal-1.4.0-py3-none-any.whl.metadata (3.7 kB)
Collecting attrs>=17.3.0 (from aiohttp<4.0.0,>=3.8.3->langchain-community)
  Downloading attrs-25.4.0-py3-none-any.whl.metadata (10 kB)
Collecting frozenlist>=1.1.1 (from aiohttp<4.0.0,>=3.8.3->langchain-community)
  Downloading frozenlist-1.8.0-cp312-cp312-manylinux1_x86_64.manylinux_2_28_x86_64.manylinux_2_5_x86_64.whl.metadata (20 kB)
Collecting multidict<7.0,>=4.5 (from aiohttp<4.0.0,>=3.8.3->langchain-community)
  Downloading multidict-6.7.0-cp312-cp312-manylinux2014_x86_64.manylinux_2_17_x86_64.manylinux_2_28_x86_64.whl.metadata (5.3 kB)
Collecting propcache>=0.2.0 (from aiohttp<4.0.0,>=3.8.3->langchain-community)
  Downloading propcache-0.4.1-cp312-cp312-manylinux2014_x86_64.manylinux_2_17_x86_64.manylinux_2_28_x86_64.whl.metadata (13 kB)
Collecting yarl<2.0,>=1.17.0 (from aiohttp<4.0.0,>=3.8.3->langchain-community)
  Downloading yarl-1.22.0-cp312-cp312-manylinux2014_x86_64.manylinux_2_17_x86_64.manylinux_2_28_x86_64.whl.metadata (75 kB)
     ━━━━━━━━━━━━━━━━━━━━━━━━━━━━━━━━━━━━━━━━ 75.1/75.1 kB 5.8 MB/s eta 0:00:00
Collecting idna>=2.8 (from anyio<5,>=3.5.0->openai)
  Downloading idna-3.11-py3-none-any.whl.metadata (8.4 kB)
Collecting marshmallow<4.0.0,>=3.18.0 (from dataclasses-json<0.7.0,>=0.6.7->langchain-community)
  Downloading marshmallow-3.26.1-py3-none-any.whl.metadata (7.3 kB)
Collecting typing-inspect<1,>=0.4.0 (from dataclasses-json<0.7.0,>=0.6.7->langchain-community)
  Downloading typing_inspect-0.9.0-py3-none-any.whl.metadata (1.5 kB)
Collecting certifi (from httpx<1,>=0.23.0->openai)
  Downloading certifi-2025.11.12-py3-none-any.whl.metadata (2.5 kB)
Collecting httpcore==1.* (from httpx<1,>=0.23.0->openai)
  Downloading httpcore-1.0.9-py3-none-any.whl.metadata (21 kB)
Collecting h11>=0.16 (from httpcore==1.*->httpx<1,>=0.23.0->openai)
  Downloading h11-0.16.0-py3-none-any.whl.metadata (8.3 kB)
Collecting jsonpointer>=1.9 (from jsonpatch<2.0.0,>=1.33.0->langchain-core)
  Downloading jsonpointer-3.0.0-py2.py3-none-any.whl.metadata (2.3 kB)
Collecting langchain-text-splitters<2.0.0,>=1.0.0 (from langchain-classic<2.0.0,>=1.0.0->langchain-community)
  Downloading langchain_text_splitters-1.0.0-py3-none-any.whl.metadata (2.6 kB)
Collecting langgraph-checkpoint<4.0.0,>=2.1.0 (from langgraph<1.1.0,>=1.0.2->langchain)
  Downloading langgraph_checkpoint-3.0.1-py3-none-any.whl.metadata (4.7 kB)
Collecting langgraph-prebuilt<1.1.0,>=1.0.2 (from langgraph<1.1.0,>=1.0.2->langchain)
  Downloading langgraph_prebuilt-1.0.5-py3-none-any.whl.metadata (5.2 kB)
Collecting langgraph-sdk<0.3.0,>=0.2.2 (from langgraph<1.1.0,>=1.0.2->langchain)
  Downloading langgraph_sdk-0.2.15-py3-none-any.whl.metadata (1.6 kB)
Collecting xxhash>=3.5.0 (from langgraph<1.1.0,>=1.0.2->langchain)
  Downloading xxhash-3.6.0-cp312-cp312-manylinux2014_x86_64.manylinux_2_17_x86_64.manylinux_2_28_x86_64.whl.metadata (13 kB)
Collecting orjson>=3.9.14 (from langsmith<1.0.0,>=0.3.45->langchain-core)
  Downloading orjson-3.11.5-cp312-cp312-manylinux_2_17_x86_64.manylinux2014_x86_64.whl.metadata (41 kB)
     ━━━━━━━━━━━━━━━━━━━━━━━━━━━━━━━━━━━━━━━━ 41.6/41.6 kB 2.1 MB/s eta 0:00:00
Collecting requests-toolbelt>=1.0.0 (from langsmith<1.0.0,>=0.3.45->langchain-core)
  Downloading requests_toolbelt-1.0.0-py2.py3-none-any.whl.metadata (14 kB)
Collecting zstandard>=0.23.0 (from langsmith<1.0.0,>=0.3.45->langchain-core)
  Downloading zstandard-0.25.0-cp312-cp312-manylinux2014_x86_64.manylinux_2_17_x86_64.whl.metadata (3.3 kB)
Collecting annotated-types>=0.6.0 (from pydantic<3.0.0,>=2.7.4->langchain)
  Downloading annotated_types-0.7.0-py3-none-any.whl.metadata (15 kB)
Collecting pydantic-core==2.41.5 (from pydantic<3.0.0,>=2.7.4->langchain)
  Downloading pydantic_core-2.41.5-cp312-cp312-manylinux_2_17_x86_64.manylinux2014_x86_64.whl.metadata (7.3 kB)
Collecting typing-inspection>=0.4.2 (from pydantic<3.0.0,>=2.7.4->langchain)
  Downloading typing_inspection-0.4.2-py3-none-any.whl.metadata (2.6 kB)
Collecting python-dotenv>=0.21.0 (from pydantic-settings<3.0.0,>=2.10.1->langchain-community)
  Downloading python_dotenv-1.2.1-py3-none-any.whl.metadata (25 kB)
Collecting charset_normalizer<4,>=2 (from requests<3.0.0,>=2.32.5->langchain-community)
  Downloading charset_normalizer-3.4.4-cp312-cp312-manylinux2014_x86_64.manylinux_2_17_x86_64.manylinux_2_28_x86_64.whl.metadata (37 kB)
Collecting urllib3<3,>=1.21.1 (from requests<3.0.0,>=2.32.5->langchain-community)
  Downloading urllib3-2.6.1-py3-none-any.whl.metadata (6.6 kB)
Collecting greenlet>=1 (from SQLAlchemy<3.0.0,>=1.4.0->langchain-community)
  Downloading greenlet-3.3.0-cp312-cp312-manylinux_2_24_x86_64.manylinux_2_28_x86_64.whl.metadata (4.1 kB)
Collecting regex>=2022.1.18 (from tiktoken<1.0.0,>=0.7.0->langchain-openai)
  Downloading regex-2025.11.3-cp312-cp312-manylinux2014_x86_64.manylinux_2_17_x86_64.manylinux_2_28_x86_64.whl.metadata (40 kB)
     ━━━━━━━━━━━━━━━━━━━━━━━━━━━━━━━━━━━━━━━━ 40.5/40.5 kB 4.4 MB/s eta 0:00:00
Collecting ormsgpack>=1.12.0 (from langgraph-checkpoint<4.0.0,>=2.1.0->langgraph<1.1.0,>=1.0.2->langchain)
  Downloading ormsgpack-1.12.0-cp312-cp312-manylinux_2_17_x86_64.manylinux2014_x86_64.whl.metadata (1.2 kB)
Collecting mypy-extensions>=0.3.0 (from typing-inspect<1,>=0.4.0->dataclasses-json<0.7.0,>=0.6.7->langchain-community)
  Downloading mypy_extensions-1.1.0-py3-none-any.whl.metadata (1.1 kB)
Downloading flask-3.1.2-py3-none-any.whl (103 kB)
   ━━━━━━━━━━━━━━━━━━━━━━━━━━━━━━━━━━━━━━━━ 103.3/103.3 kB 8.0 MB/s eta 0:00:00
Downloading langchain-1.1.3-py3-none-any.whl (102 kB)
   ━━━━━━━━━━━━━━━━━━━━━━━━━━━━━━━━━━━━━━━━ 102.2/102.2 kB 6.7 MB/s eta 0:00:00
Downloading langchain_core-1.1.3-py3-none-any.whl (475 kB)
   ━━━━━━━━━━━━━━━━━━━━━━━━━━━━━━━━━━━━━━━━ 475.3/475.3 kB 10.3 MB/s eta 0:00:00
Downloading langchain_community-0.4.1-py3-none-any.whl (2.5 MB)
   ━━━━━━━━━━━━━━━━━━━━━━━━━━━━━━━━━━━━━━━━ 2.5/2.5 MB 17.6 MB/s eta 0:00:00
Downloading langchain_openai-1.1.1-py3-none-any.whl (84 kB)
   ━━━━━━━━━━━━━━━━━━━━━━━━━━━━━━━━━━━━━━━━ 84.3/84.3 kB 5.7 MB/s eta 0:00:00
Downloading openai-2.9.0-py3-none-any.whl (1.0 MB)
   ━━━━━━━━━━━━━━━━━━━━━━━━━━━━━━━━━━━━━━━━ 1.0/1.0 MB 20.6 MB/s eta 0:00:00
Downloading aiohttp-3.13.2-cp312-cp312-manylinux2014_x86_64.manylinux_2_17_x86_64.manylinux_2_28_x86_64.whl (1.8 MB)
   ━━━━━━━━━━━━━━━━━━━━━━━━━━━━━━━━━━━━━━━━ 1.8/1.8 MB 17.8 MB/s eta 0:00:00
Downloading anyio-4.12.0-py3-none-any.whl (113 kB)
   ━━━━━━━━━━━━━━━━━━━━━━━━━━━━━━━━━━━━━━━━ 113.4/113.4 kB 10.9 MB/s eta 0:00:00
Downloading blinker-1.9.0-py3-none-any.whl (8.5 kB)
Downloading click-8.3.1-py3-none-any.whl (108 kB)
   ━━━━━━━━━━━━━━━━━━━━━━━━━━━━━━━━━━━━━━━━ 108.3/108.3 kB 7.2 MB/s eta 0:00:00
Downloading dataclasses_json-0.6.7-py3-none-any.whl (28 kB)
Downloading distro-1.9.0-py3-none-any.whl (20 kB)
Downloading httpx-0.28.1-py3-none-any.whl (73 kB)
   ━━━━━━━━━━━━━━━━━━━━━━━━━━━━━━━━━━━━━━━━ 73.5/73.5 kB 5.8 MB/s eta 0:00:00
Downloading httpcore-1.0.9-py3-none-any.whl (78 kB)
   ━━━━━━━━━━━━━━━━━━━━━━━━━━━━━━━━━━━━━━━━ 78.8/78.8 kB 3.8 MB/s eta 0:00:00
Downloading httpx_sse-0.4.3-py3-none-any.whl (9.0 kB)
Downloading itsdangerous-2.2.0-py3-none-any.whl (16 kB)
Downloading jinja2-3.1.6-py3-none-any.whl (134 kB)
   ━━━━━━━━━━━━━━━━━━━━━━━━━━━━━━━━━━━━━━━━ 134.9/134.9 kB 10.1 MB/s eta 0:00:00
Downloading jiter-0.12.0-cp312-cp312-manylinux_2_17_x86_64.manylinux2014_x86_64.whl (361 kB)
   ━━━━━━━━━━━━━━━━━━━━━━━━━━━━━━━━━━━━━━━━ 361.3/361.3 kB 16.0 MB/s eta 0:00:00
Downloading jsonpatch-1.33-py2.py3-none-any.whl (12 kB)
Downloading langchain_classic-1.0.0-py3-none-any.whl (1.0 MB)
   ━━━━━━━━━━━━━━━━━━━━━━━━━━━━━━━━━━━━━━━━ 1.0/1.0 MB 11.7 MB/s eta 0:00:00
Downloading langgraph-1.0.4-py3-none-any.whl (157 kB)
   ━━━━━━━━━━━━━━━━━━━━━━━━━━━━━━━━━━━━━━━━ 157.3/157.3 kB 8.0 MB/s eta 0:00:00
Downloading langsmith-0.4.58-py3-none-any.whl (412 kB)
   ━━━━━━━━━━━━━━━━━━━━━━━━━━━━━━━━━━━━━━━━ 412.9/412.9 kB 10.9 MB/s eta 0:00:00
Downloading markupsafe-3.0.3-cp312-cp312-manylinux2014_x86_64.manylinux_2_17_x86_64.manylinux_2_28_x86_64.whl (22 kB)
Downloading numpy-2.3.5-cp312-cp312-manylinux_2_27_x86_64.manylinux_2_28_x86_64.whl (16.6 MB)
   ━━━━━━━━━━━━━━━━━━━━━━━━━━━━━━━━━━━━━━━━ 16.6/16.6 MB 12.2 MB/s eta 0:00:00
Downloading packaging-25.0-py3-none-any.whl (66 kB)
   ━━━━━━━━━━━━━━━━━━━━━━━━━━━━━━━━━━━━━━━━ 66.5/66.5 kB 7.9 MB/s eta 0:00:00
Downloading pydantic-2.12.5-py3-none-any.whl (463 kB)
   ━━━━━━━━━━━━━━━━━━━━━━━━━━━━━━━━━━━━━━━━ 463.6/463.6 kB 13.3 MB/s eta 0:00:00
Downloading pydantic_core-2.41.5-cp312-cp312-manylinux_2_17_x86_64.manylinux2014_x86_64.whl (2.1 MB)
   ━━━━━━━━━━━━━━━━━━━━━━━━━━━━━━━━━━━━━━━━ 2.1/2.1 MB 13.8 MB/s eta 0:00:00
Downloading pydantic_settings-2.12.0-py3-none-any.whl (51 kB)
   ━━━━━━━━━━━━━━━━━━━━━━━━━━━━━━━━━━━━━━━━ 51.9/51.9 kB 5.6 MB/s eta 0:00:00
Downloading pyyaml-6.0.3-cp312-cp312-manylinux2014_x86_64.manylinux_2_17_x86_64.manylinux_2_28_x86_64.whl (807 kB)
   ━━━━━━━━━━━━━━━━━━━━━━━━━━━━━━━━━━━━━━━━ 807.9/807.9 kB 13.6 MB/s eta 0:00:00
Downloading requests-2.32.5-py3-none-any.whl (64 kB)
   ━━━━━━━━━━━━━━━━━━━━━━━━━━━━━━━━━━━━━━━━ 64.7/64.7 kB 5.8 MB/s eta 0:00:00
Downloading sqlalchemy-2.0.45-cp312-cp312-manylinux2014_x86_64.manylinux_2_17_x86_64.manylinux_2_28_x86_64.whl (3.3 MB)
   ━━━━━━━━━━━━━━━━━━━━━━━━━━━━━━━━━━━━━━━━ 3.3/3.3 MB 14.0 MB/s eta 0:00:00
Downloading tenacity-9.1.2-py3-none-any.whl (28 kB)
Downloading tiktoken-0.12.0-cp312-cp312-manylinux_2_28_x86_64.whl (1.2 MB)
   ━━━━━━━━━━━━━━━━━━━━━━━━━━━━━━━━━━━━━━━━ 1.2/1.2 MB 13.7 MB/s eta 0:00:00
Downloading tqdm-4.67.1-py3-none-any.whl (78 kB)
   ━━━━━━━━━━━━━━━━━━━━━━━━━━━━━━━━━━━━━━━━ 78.5/78.5 kB 6.3 MB/s eta 0:00:00
Downloading typing_extensions-4.15.0-py3-none-any.whl (44 kB)
   ━━━━━━━━━━━━━━━━━━━━━━━━━━━━━━━━━━━━━━━━ 44.6/44.6 kB 3.4 MB/s eta 0:00:00
Downloading uuid_utils-0.12.0-cp39-abi3-manylinux_2_17_x86_64.manylinux2014_x86_64.whl (343 kB)
   ━━━━━━━━━━━━━━━━━━━━━━━━━━━━━━━━━━━━━━━━ 343.7/343.7 kB 12.2 MB/s eta 0:00:00
Downloading werkzeug-3.1.4-py3-none-any.whl (224 kB)
   ━━━━━━━━━━━━━━━━━━━━━━━━━━━━━━━━━━━━━━━━ 225.0/225.0 kB 12.6 MB/s eta 0:00:00
Downloading sniffio-1.3.1-py3-none-any.whl (10 kB)
Downloading aiohappyeyeballs-2.6.1-py3-none-any.whl (15 kB)
Downloading aiosignal-1.4.0-py3-none-any.whl (7.5 kB)
Downloading annotated_types-0.7.0-py3-none-any.whl (13 kB)
Downloading attrs-25.4.0-py3-none-any.whl (67 kB)
   ━━━━━━━━━━━━━━━━━━━━━━━━━━━━━━━━━━━━━━━━ 67.6/67.6 kB 4.9 MB/s eta 0:00:00
Downloading certifi-2025.11.12-py3-none-any.whl (159 kB)
   ━━━━━━━━━━━━━━━━━━━━━━━━━━━━━━━━━━━━━━━━ 159.4/159.4 kB 11.0 MB/s eta 0:00:00
Downloading charset_normalizer-3.4.4-cp312-cp312-manylinux2014_x86_64.manylinux_2_17_x86_64.manylinux_2_28_x86_64.whl (153 kB)
   ━━━━━━━━━━━━━━━━━━━━━━━━━━━━━━━━━━━━━━━━ 153.5/153.5 kB 10.0 MB/s eta 0:00:00
Downloading frozenlist-1.8.0-cp312-cp312-manylinux1_x86_64.manylinux_2_28_x86_64.manylinux_2_5_x86_64.whl (242 kB)
   ━━━━━━━━━━━━━━━━━━━━━━━━━━━━━━━━━━━━━━━━ 242.4/242.4 kB 13.2 MB/s eta 0:00:00
Downloading greenlet-3.3.0-cp312-cp312-manylinux_2_24_x86_64.manylinux_2_28_x86_64.whl (609 kB)
   ━━━━━━━━━━━━━━━━━━━━━━━━━━━━━━━━━━━━━━━━ 609.9/609.9 kB 13.0 MB/s eta 0:00:00
Downloading idna-3.11-py3-none-any.whl (71 kB)
   ━━━━━━━━━━━━━━━━━━━━━━━━━━━━━━━━━━━━━━━━ 71.0/71.0 kB 6.0 MB/s eta 0:00:00
Downloading jsonpointer-3.0.0-py2.py3-none-any.whl (7.6 kB)
Downloading langchain_text_splitters-1.0.0-py3-none-any.whl (33 kB)
Downloading langgraph_checkpoint-3.0.1-py3-none-any.whl (46 kB)
   ━━━━━━━━━━━━━━━━━━━━━━━━━━━━━━━━━━━━━━━━ 46.2/46.2 kB 4.1 MB/s eta 0:00:00
Downloading langgraph_prebuilt-1.0.5-py3-none-any.whl (35 kB)
Downloading langgraph_sdk-0.2.15-py3-none-any.whl (66 kB)
   ━━━━━━━━━━━━━━━━━━━━━━━━━━━━━━━━━━━━━━━━ 66.5/66.5 kB 5.1 MB/s eta 0:00:00
Downloading marshmallow-3.26.1-py3-none-any.whl (50 kB)
   ━━━━━━━━━━━━━━━━━━━━━━━━━━━━━━━━━━━━━━━━ 50.9/50.9 kB 4.6 MB/s eta 0:00:00
Downloading multidict-6.7.0-cp312-cp312-manylinux2014_x86_64.manylinux_2_17_x86_64.manylinux_2_28_x86_64.whl (256 kB)
   ━━━━━━━━━━━━━━━━━━━━━━━━━━━━━━━━━━━━━━━━ 256.1/256.1 kB 13.7 MB/s eta 0:00:00
Downloading orjson-3.11.5-cp312-cp312-manylinux_2_17_x86_64.manylinux2014_x86_64.whl (139 kB)
   ━━━━━━━━━━━━━━━━━━━━━━━━━━━━━━━━━━━━━━━━ 139.0/139.0 kB 11.5 MB/s eta 0:00:00
Downloading propcache-0.4.1-cp312-cp312-manylinux2014_x86_64.manylinux_2_17_x86_64.manylinux_2_28_x86_64.whl (221 kB)
   ━━━━━━━━━━━━━━━━━━━━━━━━━━━━━━━━━━━━━━━━ 221.6/221.6 kB 11.7 MB/s eta 0:00:00
Downloading python_dotenv-1.2.1-py3-none-any.whl (21 kB)
Downloading regex-2025.11.3-cp312-cp312-manylinux2014_x86_64.manylinux_2_17_x86_64.manylinux_2_28_x86_64.whl (803 kB)
   ━━━━━━━━━━━━━━━━━━━━━━━━━━━━━━━━━━━━━━━━ 803.5/803.5 kB 12.9 MB/s eta 0:00:00
Downloading requests_toolbelt-1.0.0-py2.py3-none-any.whl (54 kB)
   ━━━━━━━━━━━━━━━━━━━━━━━━━━━━━━━━━━━━━━━━ 54.5/54.5 kB 4.9 MB/s eta 0:00:00
Downloading typing_inspect-0.9.0-py3-none-any.whl (8.8 kB)
Downloading typing_inspection-0.4.2-py3-none-any.whl (14 kB)
Downloading urllib3-2.6.1-py3-none-any.whl (131 kB)
   ━━━━━━━━━━━━━━━━━━━━━━━━━━━━━━━━━━━━━━━━ 131.1/131.1 kB 6.7 MB/s eta 0:00:00
Downloading xxhash-3.6.0-cp312-cp312-manylinux2014_x86_64.manylinux_2_17_x86_64.manylinux_2_28_x86_64.whl (193 kB)
   ━━━━━━━━━━━━━━━━━━━━━━━━━━━━━━━━━━━━━━━━ 193.9/193.9 kB 11.2 MB/s eta 0:00:00
Downloading yarl-1.22.0-cp312-cp312-manylinux2014_x86_64.manylinux_2_17_x86_64.manylinux_2_28_x86_64.whl (377 kB)
   ━━━━━━━━━━━━━━━━━━━━━━━━━━━━━━━━━━━━━━━━ 377.3/377.3 kB 12.6 MB/s eta 0:00:00
Downloading zstandard-0.25.0-cp312-cp312-manylinux2014_x86_64.manylinux_2_17_x86_64.whl (5.5 MB)
   ━━━━━━━━━━━━━━━━━━━━━━━━━━━━━━━━━━━━━━━━ 5.5/5.5 MB 11.0 MB/s eta 0:00:00
Downloading h11-0.16.0-py3-none-any.whl (37 kB)
Downloading mypy_extensions-1.1.0-py3-none-any.whl (5.0 kB)
Downloading ormsgpack-1.12.0-cp312-cp312-manylinux_2_17_x86_64.manylinux2014_x86_64.whl (208 kB)
   ━━━━━━━━━━━━━━━━━━━━━━━━━━━━━━━━━━━━━━━━ 208.3/208.3 kB 11.0 MB/s eta 0:00:00
Installing collected packages: zstandard, xxhash, uuid-utils, urllib3, typing-extensions, tqdm, tenacity, sniffio, regex, pyyaml, python-dotenv, propcache, packaging, ormsgpack, orjson, numpy, mypy-extensions, multidict, markupsafe, jsonpointer, jiter, itsdangerous, idna, httpx-sse, h11, greenlet, frozenlist, distro, click, charset_normalizer, certifi, blinker, attrs, annotated-types, aiohappyeyeballs, yarl, werkzeug, typing-inspection, typing-inspect, SQLAlchemy, requests, pydantic-core, marshmallow, jsonpatch, jinja2, httpcore, anyio, aiosignal, tiktoken, requests-toolbelt, pydantic, httpx, flask, dataclasses-json, aiohttp, pydantic-settings, openai, langsmith, langgraph-sdk, langchain-core, langgraph-checkpoint, langchain-text-splitters, langchain-openai, langgraph-prebuilt, langchain-classic, langgraph, langchain-community, langchain
Successfully installed SQLAlchemy-2.0.45 aiohappyeyeballs-2.6.1 aiohttp-3.13.2 aiosignal-1.4.0 annotated-types-0.7.0 anyio-4.12.0 attrs-25.4.0 blinker-1.9.0 certifi-2025.11.12 charset_normalizer-3.4.4 click-8.3.1 dataclasses-json-0.6.7 distro-1.9.0 flask-3.1.2 frozenlist-1.8.0 greenlet-3.3.0 h11-0.16.0 httpcore-1.0.9 httpx-0.28.1 httpx-sse-0.4.3 idna-3.11 itsdangerous-2.2.0 jinja2-3.1.6 jiter-0.12.0 jsonpatch-1.33 jsonpointer-3.0.0 langchain-1.1.3 langchain-classic-1.0.0 langchain-community-0.4.1 langchain-core-1.1.3 langchain-openai-1.1.1 langchain-text-splitters-1.0.0 langgraph-1.0.4 langgraph-checkpoint-3.0.1 langgraph-prebuilt-1.0.5 langgraph-sdk-0.2.15 langsmith-0.4.58 markupsafe-3.0.3 marshmallow-3.26.1 multidict-6.7.0 mypy-extensions-1.1.0 numpy-2.3.5 openai-2.9.0 orjson-3.11.5 ormsgpack-1.12.0 packaging-25.0 propcache-0.4.1 pydantic-2.12.5 pydantic-core-2.41.5 pydantic-settings-2.12.0 python-dotenv-1.2.1 pyyaml-6.0.3 regex-2025.11.3 requests-2.32.5 requests-toolbelt-1.0.0 sniffio-1.3.1 tenacity-9.1.2 tiktoken-0.12.0 tqdm-4.67.1 typing-extensions-4.15.0 typing-inspect-0.9.0 typing-inspection-0.4.2 urllib3-2.6.1 uuid-utils-0.12.0 werkzeug-3.1.4 xxhash-3.6.0 yarl-1.22.0 zstandard-0.25.0
(myenv) root@713fb045f144:/project-git/Project-AI# python3 -m flask run --host=0.0.0.0 --port=5000
 * Debug mode: off
WARNING: This is a development server. Do not use it in a production deployment. Use a production WSGI server instead.
 * Running on all addresses (0.0.0.0)
 * Running on http://127.0.0.1:5000
 * Running on http://172.17.0.2:5000
Press CTRL+C to quit
172.17.0.1 - - [10/Dec/2025 06:14:13] "GET / HTTP/1.1" 200 -
172.17.0.1 - - [10/Dec/2025 06:14:14] "GET /favicon.ico HTTP/1.1" 404 -
172.17.0.1 - - [10/Dec/2025 06:14:20] "POST /ask HTTP/1.1" 200 -
